
> my-app@0.1.0 build
> next build

   ▲ Next.js 15.3.0
   - Environments: .env.local

   Creating an optimized production build ...
Next.js build worker exited with code: 3221226505 and signal: null
